// Jest Snapshot v1, https://goo.gl/fbAQLP

exports[`App component renders App 1`] = `
<Fragment>
  <h1
    className="Header"
  >
    <span>
      M
    </span>
    arkdo
    <span
      className="doubleu"
    >
      w
    </span>
    n 
    <span>
      E
    </span>
    ditor
  </h1>
  <Document
    className="Main"
  />
</Fragment>
`;
